******************************************************************************
             TMS320C2000 Linker PC v18.12.2                    
******************************************************************************
>> Linked Sat Nov  2 15:54:40 2019

OUTPUT FILE NAME:   <BOLT_IV_ETCM.out>
ENTRY POINT SYMBOL: "code_start"  address: 00000000


MEMORY CONFIGURATION

         name            origin    length      used     unused   attr    fill
----------------------  --------  ---------  --------  --------  ----  --------
PAGE 0:
  BEGIN                 00000000   00000002  00000002  00000000  RWIX
  RAMM0                 00000122   000002de  00000018  000002c6  RWIX
  RAMLS0                00008000   00000800  00000000  00000800  RWIX
  RAMLS1                00008800   00000800  00000000  00000800  RWIX
  RAMLS2                00009000   00000800  00000000  00000800  RWIX
  RAMLS3                00009800   00000800  00000000  00000800  RWIX
  RAMLS4                0000a000   00000800  00000000  00000800  RWIX
  RAMD0                 0000b000   00000800  000007a1  0000005f  RWIX
  RESET                 003fffc0   00000002  00000000  00000002  RWIX

PAGE 1:
  BOOT_RSVD             00000002   00000120  00000000  00000120  RWIX
  RAMM1                 00000400   00000400  00000100  00000300  RWIX
  RAMLS5                0000a800   00000800  0000012d  000006d3  RWIX
  RAMD1                 0000b800   00000800  00000000  00000800  RWIX
  RAMGS0                0000c000   00001000  00000000  00001000  RWIX
  RAMGS1                0000d000   00001000  00000000  00001000  RWIX
  RAMGS2                0000e000   00001000  00000000  00001000  RWIX
  RAMGS3                0000f000   00001000  00000000  00001000  RWIX
  RAMGS4                00010000   00001000  00000000  00001000  RWIX
  RAMGS5                00011000   00001000  00000000  00001000  RWIX
  RAMGS6                00012000   00001000  00000000  00001000  RWIX
  RAMGS7                00013000   00001000  00000000  00001000  RWIX
  RAMGS8                00014000   00001000  00000000  00001000  RWIX
  RAMGS9                00015000   00001000  00000000  00001000  RWIX
  RAMGS10               00016000   00001000  00000000  00001000  RWIX
  RAMGS11               00017000   00001000  00000000  00001000  RWIX
  RAMGS12               00018000   00001000  00000000  00001000  RWIX
  RAMGS13               00019000   00001000  00000000  00001000  RWIX
  RAMGS14               0001a000   00001000  00000000  00001000  RWIX
  RAMGS15               0001b000   00001000  00000000  00001000  RWIX
  CPU2TOCPU1RAM         0003f800   00000400  00000000  00000400  RWIX
  CPU1TOCPU2RAM         0003fc00   00000400  00000000  00000400  RWIX
  CANA_MSG_RAM          00049000   00000800  00000000  00000800  RWIX
  CANB_MSG_RAM          0004b000   00000800  00000000  00000800  RWIX


SECTION ALLOCATION MAP

 output                                  attributes/
section   page    origin      length       input sections
--------  ----  ----------  ----------   ----------------
codestart 
*          0    00000000    00000002     
                  00000000    00000002     F2837xD_CodeStartBranch.obj (codestart)

.cinit     0    00000128    00000014     
                  00000128    00000009     (.cinit..data.load) [load image, compression = lzss]
                  00000131    00000001     --HOLE-- [fill = 0]
                  00000132    00000004     (__TI_handler_table)
                  00000136    00000002     --HOLE-- [fill = 0]
                  00000138    00000004     (__TI_cinit_table)

.reset     0    003fffc0    00000000     DSECT

.stack     1    00000400    00000100     UNINITIALIZED
                  00000400    00000100     --HOLE--

.init_array 
*          0    00000122    00000000     UNINITIALIZED

.const     1    0000a800    0000011d     
                  0000a800    00000063     driverlib_eabi.lib : sysctl.obj (.const:.string)
                  0000a863    00000001     --HOLE-- [fill = 0]
                  0000a864    00000060                        : adc.obj (.const:.string)
                  0000a8c4    00000046     adc_etcm.obj (.const:.string)
                  0000a90a    00000013     device.obj (.const:.string)

.data      1    0000a91e    00000010     UNINITIALIZED
                  0000a91e    00000006     device.obj (.data)
                  0000a924    00000006     rts2800_fpu32_eabi.lib : exit.c.obj (.data)
                  0000a92a    00000002                            : _lock.c.obj (.data:_lock)
                  0000a92c    00000002                            : _lock.c.obj (.data:_unlock)

.TI.ramfunc 
*          0    00000122    00000004     
                  00000122    00000004     driverlib_eabi.lib : sysctl.obj (.TI.ramfunc)

GETBUFFER 
*          0    0003f800    00000000     DSECT

GETWRITEIDX 
*          0    0003f800    00000000     DSECT

PUTREADIDX 
*          0    0003f800    00000000     DSECT

.text      0    0000b000    000007a1     
                  0000b000    0000021f     driverlib_eabi.lib : sysctl.obj (.text:SysCtl_setClock)
                  0000b21f    000001e5     device.obj (.text)
                  0000b404    000000b7     driverlib_eabi.lib : adc.obj (.text:ADC_setMode)
                  0000b4bb    00000088     rts2800_fpu32_eabi.lib : fs_div28.asm.obj (.text)
                  0000b543    00000085     adc_etcm.obj (.text)
                  0000b5c8    00000051     driverlib_eabi.lib : sysctl.obj (.text:SysCtl_getClock)
                  0000b619    0000004d                        : sysctl.obj (.text:SysCtl_selectOscSource)
                  0000b666    00000031     rts2800_fpu32_eabi.lib : copy_decompress_lzss.c.obj (.text:decompress:lzss)
                  0000b697    0000002b                            : autoinit.c.obj (.text:__TI_auto_init_nobinit_nopinit)
                  0000b6c2    00000029                            : exit.c.obj (.text)
                  0000b6eb    0000001f     driverlib_eabi.lib : adc.obj (.text:ADC_isBaseValid)
                  0000b70a    0000001d     rts2800_fpu32_eabi.lib : memcpy.c.obj (.text)
                  0000b727    0000001a     driverlib_eabi.lib : sysctl.obj (.text:SysCtl_getLowSpeedClock)
                  0000b741    00000017     rts2800_fpu32_eabi.lib : boot28.asm.obj (.text)
                  0000b758    00000015     main.obj (.text)
                  0000b76d    0000000c     rts2800_fpu32_eabi.lib : args_main.c.obj (.text)
                  0000b779    0000000b     driverlib_eabi.lib : sysctl.obj (.text:SysCtl_isMCDClockFailureDetected)
                  0000b784    00000009                        : sysctl.obj (.text:SysCtl_serviceWatchdog)
                  0000b78d    00000009     rts2800_fpu32_eabi.lib : _lock.c.obj (.text)
                  0000b796    00000008                            : copy_decompress_none.c.obj (.text:decompress:none)
                  0000b79e    00000002                            : pre_init.c.obj (.text)
                  0000b7a0    00000001                            : startup.c.obj (.text)

MODULE SUMMARY

       Module                        code   ro data   rw data
       ------                        ----   -------   -------
    .\
       adc_etcm.obj                  133    70        0      
       main.obj                      21     0         0      
    +--+-----------------------------+------+---------+---------+
       Total:                        154    70        0      
                                                             
    .\device\
       device.obj                    485    19        6      
       F2837xD_CodeStartBranch.obj   2      0         0      
    +--+-----------------------------+------+---------+---------+
       Total:                        487    19        6      
                                                             
    C:\ti\C2000Ware_2_00_00_03_Software\driverlib\f2837xd\driverlib\ccs\Debug\driverlib_eabi.lib
       sysctl.obj                    751    99        0      
       adc.obj                       214    96        0      
    +--+-----------------------------+------+---------+---------+
       Total:                        965    195       0      
                                                             
    C:\ti\ccs910\ccs\tools\compiler\ti-cgt-c2000_18.12.2.LTS\lib\rts2800_fpu32_eabi.lib
       fs_div28.asm.obj              136    0         0      
       copy_decompress_lzss.c.obj    49     0         0      
       exit.c.obj                    41     0         6      
       autoinit.c.obj                43     0         0      
       memcpy.c.obj                  29     0         0      
       boot28.asm.obj                23     0         0      
       _lock.c.obj                   9      0         4      
       args_main.c.obj               12     0         0      
       copy_decompress_none.c.obj    8      0         0      
       pre_init.c.obj                2      0         0      
       startup.c.obj                 1      0         0      
    +--+-----------------------------+------+---------+---------+
       Total:                        353    0         10     
                                                             
       Stack:                        0      0         256    
       Linker Generated:             0      17        0      
    +--+-----------------------------+------+---------+---------+
       Grand Total:                  1959   301       272    


LINKER GENERATED COPY TABLES

__TI_cinit_table @ 00000138 records: 1, size/record: 4, table size: 4
	.data: load addr=00000128, load size=00000009 bytes, run addr=0000a91e, run size=00000010 bytes, compression=lzss


LINKER GENERATED HANDLER TABLE

__TI_handler_table @ 00000132 records: 2, size/record: 2, table size: 4
	index: 0, handler: __TI_decompress_lzss
	index: 1, handler: __TI_decompress_none


GLOBAL DATA SYMBOLS: SORTED BY DATA PAGE

address     data page           name
--------    ----------------    ----
00000400      10 (00000400)     __stack

0000a91e     2a4 (0000a900)     Example_Result
0000a920     2a4 (0000a900)     Example_PassCount
0000a922     2a4 (0000a900)     Example_Fail
0000a924     2a4 (0000a900)     __TI_enable_exit_profile_output
0000a926     2a4 (0000a900)     __TI_cleanup_ptr
0000a928     2a4 (0000a900)     __TI_dtors_ptr
0000a92a     2a4 (0000a900)     _lock
0000a92c     2a4 (0000a900)     _unlock


GLOBAL SYMBOLS: SORTED ALPHABETICALLY BY Name 

page  address   name                                     
----  -------   ----                                     
0     0000b404  ADC_setMode                              
0     0000b6c2  C$$EXIT                                  
0     0000b296  Device_enableAllPeripherals              
0     0000b3dc  Device_enableUnbondedGPIOPullups         
0     0000b3b9  Device_enableUnbondedGPIOPullupsFor100Pin
0     0000b3a2  Device_enableUnbondedGPIOPullupsFor176Pin
0     0000b261  Device_init                              
0     0000b381  Device_initGPIO                          
1     0000a922  Example_Fail                             
1     0000a920  Example_PassCount                        
1     0000a91e  Example_Result                           
0     0000b403  Example_done                             
0     0000b3fe  Example_setResultFail                    
0     0000b3f9  Example_setResultPass                    
0     00000122  SysCtl_delay                             
0     0000b5c8  SysCtl_getClock                          
0     0000b727  SysCtl_getLowSpeedClock                  
0     0000b619  SysCtl_selectOscSource                   
0     0000b000  SysCtl_setClock                          
0     00000138  __TI_CINIT_Base                          
0     0000013c  __TI_CINIT_Limit                         
0     00000132  __TI_Handler_Table_Base                  
0     00000136  __TI_Handler_Table_Limit                 
1     00000500  __TI_STACK_END                           
abs   00000100  __TI_STACK_SIZE                          
0     0000b697  __TI_auto_init_nobinit_nopinit           
1     0000a926  __TI_cleanup_ptr                         
0     0000b666  __TI_decompress_lzss                     
0     0000b796  __TI_decompress_none                     
1     0000a928  __TI_dtors_ptr                           
1     0000a924  __TI_enable_exit_profile_output          
abs   ffffffff  __TI_pprof_out_hndl                      
abs   ffffffff  __TI_prof_data_size                      
abs   ffffffff  __TI_prof_data_start                     
0     0000b4bb  __c28xabi_divf                           
n/a   UNDEFED   __c_args__                               
0     0000b3f2  __error__                                
1     00000400  __stack                                  
0     0000b76d  _args_main                               
0     0000b741  _c_int00                                 
1     0000a92a  _lock                                    
0     0000b795  _nop                                     
0     0000b791  _register_lock                           
0     0000b78d  _register_unlock                         
0     0000b7a0  _system_post_cinit                       
0     0000b79e  _system_pre_init                         
1     0000a92c  _unlock                                  
0     0000b6c2  abort                                    
0     00000000  code_start                               
0     0000b6c4  exit                                     
0     0000b763  init                                     
0     0000b5a4  initADC                                  
0     0000b5c3  initADCSOC                               
0     0000b5c2  initEPWM                                 
0     0000b76c  initLookup                               
0     0000b758  main                                     
0     0000b70a  memcpy                                   
0     0000b5c4  requestTorque                            
0     0000b75d  run                                      


GLOBAL SYMBOLS: SORTED BY Symbol Address 

page  address   name                                     
----  -------   ----                                     
0     00000000  code_start                               
0     00000122  SysCtl_delay                             
0     00000132  __TI_Handler_Table_Base                  
0     00000136  __TI_Handler_Table_Limit                 
0     00000138  __TI_CINIT_Base                          
0     0000013c  __TI_CINIT_Limit                         
0     0000b000  SysCtl_setClock                          
0     0000b261  Device_init                              
0     0000b296  Device_enableAllPeripherals              
0     0000b381  Device_initGPIO                          
0     0000b3a2  Device_enableUnbondedGPIOPullupsFor176Pin
0     0000b3b9  Device_enableUnbondedGPIOPullupsFor100Pin
0     0000b3dc  Device_enableUnbondedGPIOPullups         
0     0000b3f2  __error__                                
0     0000b3f9  Example_setResultPass                    
0     0000b3fe  Example_setResultFail                    
0     0000b403  Example_done                             
0     0000b404  ADC_setMode                              
0     0000b4bb  __c28xabi_divf                           
0     0000b5a4  initADC                                  
0     0000b5c2  initEPWM                                 
0     0000b5c3  initADCSOC                               
0     0000b5c4  requestTorque                            
0     0000b5c8  SysCtl_getClock                          
0     0000b619  SysCtl_selectOscSource                   
0     0000b666  __TI_decompress_lzss                     
0     0000b697  __TI_auto_init_nobinit_nopinit           
0     0000b6c2  C$$EXIT                                  
0     0000b6c2  abort                                    
0     0000b6c4  exit                                     
0     0000b70a  memcpy                                   
0     0000b727  SysCtl_getLowSpeedClock                  
0     0000b741  _c_int00                                 
0     0000b758  main                                     
0     0000b75d  run                                      
0     0000b763  init                                     
0     0000b76c  initLookup                               
0     0000b76d  _args_main                               
0     0000b78d  _register_unlock                         
0     0000b791  _register_lock                           
0     0000b795  _nop                                     
0     0000b796  __TI_decompress_none                     
0     0000b79e  _system_pre_init                         
0     0000b7a0  _system_post_cinit                       
1     00000400  __stack                                  
1     00000500  __TI_STACK_END                           
1     0000a91e  Example_Result                           
1     0000a920  Example_PassCount                        
1     0000a922  Example_Fail                             
1     0000a924  __TI_enable_exit_profile_output          
1     0000a926  __TI_cleanup_ptr                         
1     0000a928  __TI_dtors_ptr                           
1     0000a92a  _lock                                    
1     0000a92c  _unlock                                  
abs   00000100  __TI_STACK_SIZE                          
abs   ffffffff  __TI_pprof_out_hndl                      
abs   ffffffff  __TI_prof_data_size                      
abs   ffffffff  __TI_prof_data_start                     
n/a   UNDEFED   __c_args__                               

[59 symbols]
