******************************************************************************
             TMS320C2000 Linker PC v18.12.3                    
******************************************************************************
>> Linked Mon Jan 20 16:31:07 2020

OUTPUT FILE NAME:   <empty_driverlib_project.out>
ENTRY POINT SYMBOL: "code_start"  address: 00000000


MEMORY CONFIGURATION

         name            origin    length      used     unused   attr    fill
----------------------  --------  ---------  --------  --------  ----  --------
PAGE 0:
  BEGIN                 00000000   00000002  00000002  00000000  RWIX
  RAMM0                 00000122   000002de  00000024  000002ba  RWIX
  RAMLS0                00008000   00000800  00000701  000000ff  RWIX
  RAMLS1                00008800   00000800  00000000  00000800  RWIX
  RAMLS2                00009000   00000800  00000000  00000800  RWIX
  RAMLS3                00009800   00000800  00000000  00000800  RWIX
  RAMLS4                0000a000   00000800  00000000  00000800  RWIX
  RAMD0                 0000b000   00000800  00000800  00000000  RWIX
  RESET                 003fffc0   00000002  00000000  00000002  RWIX

PAGE 1:
  BOOT_RSVD             00000002   00000120  00000000  00000120  RWIX
  RAMM1                 00000400   00000400  00000100  00000300  RWIX
  RAMLS5                0000a800   00000800  0000019d  00000663  RWIX
  RAMD1                 0000b800   00000800  00000000  00000800  RWIX
  RAMGS0                0000c000   00001000  00000000  00001000  RWIX
  RAMGS1                0000d000   00001000  00000000  00001000  RWIX
  RAMGS2                0000e000   00001000  00000000  00001000  RWIX
  RAMGS3                0000f000   00001000  00000000  00001000  RWIX
  RAMGS4                00010000   00001000  00000000  00001000  RWIX
  RAMGS5                00011000   00001000  00000000  00001000  RWIX
  RAMGS6                00012000   00001000  00000000  00001000  RWIX
  RAMGS7                00013000   00001000  00000000  00001000  RWIX
  RAMGS8                00014000   00001000  00000000  00001000  RWIX
  RAMGS9                00015000   00001000  00000000  00001000  RWIX
  RAMGS10               00016000   00001000  00000000  00001000  RWIX
  RAMGS11               00017000   00001000  00000000  00001000  RWIX
  RAMGS12               00018000   00001000  00000000  00001000  RWIX
  RAMGS13               00019000   00001000  00000000  00001000  RWIX
  RAMGS14               0001a000   00001000  00000000  00001000  RWIX
  RAMGS15               0001b000   00001000  00000000  00001000  RWIX
  CPU2TOCPU1RAM         0003f800   00000400  00000000  00000400  RWIX
  CPU1TOCPU2RAM         0003fc00   00000400  00000000  00000400  RWIX
  CANA_MSG_RAM          00049000   00000800  00000000  00000800  RWIX
  CANB_MSG_RAM          0004b000   00000800  00000000  00000800  RWIX


SECTION ALLOCATION MAP

 output                                  attributes/
section   page    origin      length       input sections
--------  ----  ----------  ----------   ----------------
codestart 
*          0    00000000    00000002     
                  00000000    00000002     F2837xD_CodeStartBranch.obj (codestart)

.cinit     0    00000128    00000020     
                  00000128    0000000c     (.cinit..data.load) [load image, compression = lzss]
                  00000134    00000006     (__TI_handler_table)
                  0000013a    00000004     (.cinit..bss.load) [load image, compression = zero_init]
                  0000013e    00000002     --HOLE-- [fill = 0]
                  00000140    00000008     (__TI_cinit_table)

.reset     0    003fffc0    00000000     DSECT

.stack     1    00000400    00000100     UNINITIALIZED
                  00000400    00000100     --HOLE--

.bss       1    0000a98c    00000012     UNINITIALIZED
                  0000a98c    00000012     main.obj (.bss:IMUdataBuffer)

.init_array 
*          0    00000122    00000000     UNINITIALIZED

.const     1    0000a800    00000175     
                  0000a800    0000008e     main.obj (.const:.string)
                  0000a88e    0000008d     can_etcm.obj (.const:.string)
                  0000a91b    00000001     --HOLE-- [fill = 0]
                  0000a91c    00000046     uart_etcm.obj (.const:.string)
                  0000a962    00000013     device.obj (.const:.string)

.data      1    0000a976    00000016     UNINITIALIZED
                  0000a976    00000006     device.obj (.data)
                  0000a97c    00000003     main.obj (.data)
                  0000a97f    00000001     --HOLE--
                  0000a980    00000006     rts2800_fpu32_eabi.lib : exit.c.obj (.data)
                  0000a986    00000002                            : _lock.c.obj (.data:_lock)
                  0000a988    00000002                            : _lock.c.obj (.data:_unlock)
                  0000a98a    00000002     can_etcm.obj (.data)

.TI.ramfunc 
*          0    00000122    00000004     
                  00000122    00000004     driverlib_eabi.lib : sysctl.obj (.TI.ramfunc)

GETBUFFER 
*          0    0003f800    00000000     DSECT

GETWRITEIDX 
*          0    0003f800    00000000     DSECT

PUTREADIDX 
*          0    0003f800    00000000     DSECT

.text.1    0    00008000    00000701     
                  00008000    000001d5     uart_etcm.obj (.text)
                  000081d5    0000009e     driverlib_eabi.lib : can.obj (.text:CAN_setupMessageObject)
                  00008273    00000088     rts2800_fpu32_eabi.lib : fs_div28.asm.obj (.text)
                  000082fb    00000046     driverlib_eabi.lib : sysctl.obj (.text:SysCtl_getClock)
                  00008341    00000041                        : interrupt.obj (.text:Interrupt_initModule)
                  00008382    00000040     main.obj (.text:retain)
                  000083c2    0000003f     driverlib_eabi.lib : gpio.obj (.text:GPIO_setPadConfig)
                  00008401    0000003b                        : can.obj (.text:CAN_sendMessage)
                  0000843c    00000032                        : sysctl.obj (.text:SysCtl_selectOscSource)
                  0000846e    00000031                        : can.obj (.text:CAN_setBitRate)
                  0000849f    00000031     rts2800_fpu32_eabi.lib : copy_decompress_lzss.c.obj (.text:decompress:lzss)
                  000084d0    00000030     driverlib_eabi.lib : gpio.obj (.text:GPIO_setPinConfig)
                  00008500    0000002d                        : can.obj (.text:CAN_setBitTiming)
                  0000852d    0000002b     rts2800_fpu32_eabi.lib : autoinit.c.obj (.text:__TI_auto_init_nobinit_nopinit)
                  00008558    00000029                            : exit.c.obj (.text)
                  00008581    00000022     driverlib_eabi.lib : gpio.obj (.text:GPIO_setMasterCore)
                  000085a3    00000022                        : gpio.obj (.text:GPIO_setQualificationMode)
                  000085c5    00000021                        : sci.obj (.text:SCI_setConfig)
                  000085e6    00000020                        : gpio.obj (.text:GPIO_setDirectionMode)
                  00008606    0000001d     rts2800_fpu32_eabi.lib : memcpy.c.obj (.text)
                  00008623    0000001c     driverlib_eabi.lib : sci.obj (.text:SCI_clearInterruptStatus)
                  0000863f    0000001a                        : sci.obj (.text:SCI_disableInterrupt)
                  00008659    0000001a                        : sci.obj (.text:SCI_enableInterrupt)
                  00008673    00000017                        : can.obj (.text:CAN_initModule)
                  0000868a    00000017                        : interrupt.obj (.text:Interrupt_initVectorTable)
                  000086a1    00000017     rts2800_fpu32_eabi.lib : boot28.asm.obj (.text)
                  000086b8    00000015     driverlib_eabi.lib : sysctl.obj (.text:SysCtl_getLowSpeedClock)
                  000086cd    0000000d     rts2800_fpu32_eabi.lib : copy_zero_init.c.obj (.text:decompress:ZI:__TI_zero_init_nomemset)
                  000086da    0000000c                            : args_main.c.obj (.text)
                  000086e6    00000009                            : _lock.c.obj (.text)
                  000086ef    00000008                            : copy_decompress_none.c.obj (.text:decompress:none)
                  000086f7    00000004     driverlib_eabi.lib : interrupt.obj (.text:Interrupt_defaultHandler)
                  000086fb    00000002                        : interrupt.obj (.text:Interrupt_illegalOperationHandler)
                  000086fd    00000002                        : interrupt.obj (.text:Interrupt_nmiHandler)
                  000086ff    00000002     rts2800_fpu32_eabi.lib : pre_init.c.obj (.text)

.text.2    0    0000b000    00000800     
                  0000b000    000002c6     main.obj (.text)
                  0000b2c6    000001e9     driverlib_eabi.lib : sysctl.obj (.text:SysCtl_setClock)
                  0000b4af    000001e3     device.obj (.text)
                  0000b692    00000134     can_etcm.obj (.text)
                  0000b7c6    00000034     driverlib_eabi.lib : interrupt.obj (.text:Interrupt_enable)
                  0000b7fa    00000005     dac_etcm.obj (.text)
                  0000b7ff    00000001     rts2800_fpu32_eabi.lib : startup.c.obj (.text)

MODULE SUMMARY

       Module                        code   ro data   rw data
       ------                        ----   -------   -------
    .\
       main.obj                      774    142       21     
       uart_etcm.obj                 469    70        0      
       can_etcm.obj                  308    141       2      
       dac_etcm.obj                  5      0         0      
    +--+-----------------------------+------+---------+---------+
       Total:                        1556   353       23     
                                                             
    .\device\
       device.obj                    483    19        6      
       F2837xD_CodeStartBranch.obj   2      0         0      
    +--+-----------------------------+------+---------+---------+
       Total:                        485    19        6      
                                                             
    C:\ti\C2000Ware_2_01_00_00_Software\driverlib\f2837xd\driverlib\ccs\Release\driverlib_eabi.lib
       sysctl.obj                    634    0         0      
       can.obj                       334    0         0      
       gpio.obj                      211    0         0      
       interrupt.obj                 148    0         0      
       sci.obj                       113    0         0      
    +--+-----------------------------+------+---------+---------+
       Total:                        1440   0         0      
                                                             
    C:\ti\ccs920\ccs\tools\compiler\ti-cgt-c2000_18.12.3.LTS\lib\rts2800_fpu32_eabi.lib
       fs_div28.asm.obj              136    0         0      
       copy_decompress_lzss.c.obj    49     0         0      
       exit.c.obj                    41     0         6      
       autoinit.c.obj                43     0         0      
       memcpy.c.obj                  29     0         0      
       boot28.asm.obj                23     0         0      
       _lock.c.obj                   9      0         4      
       copy_zero_init.c.obj          13     0         0      
       args_main.c.obj               12     0         0      
       copy_decompress_none.c.obj    8      0         0      
       pre_init.c.obj                2      0         0      
       startup.c.obj                 1      0         0      
    +--+-----------------------------+------+---------+---------+
       Total:                        366    0         10     
                                                             
       Stack:                        0      0         256    
       Linker Generated:             0      30        0      
    +--+-----------------------------+------+---------+---------+
       Grand Total:                  3847   402       295    


LINKER GENERATED COPY TABLES

__TI_cinit_table @ 00000140 records: 2, size/record: 4, table size: 8
	.data: load addr=00000128, load size=0000000c bytes, run addr=0000a976, run size=00000016 bytes, compression=lzss
	.bss: load addr=0000013a, load size=00000004 bytes, run addr=0000a98c, run size=00000012 bytes, compression=zero_init


LINKER GENERATED HANDLER TABLE

__TI_handler_table @ 00000134 records: 3, size/record: 2, table size: 6
	index: 0, handler: __TI_zero_init
	index: 1, handler: __TI_decompress_lzss
	index: 2, handler: __TI_decompress_none


GLOBAL DATA SYMBOLS: SORTED BY DATA PAGE

address     data page           name
--------    ----------------    ----
00000400      10 (00000400)     __stack

0000a976     2a5 (0000a940)     Example_Result
0000a978     2a5 (0000a940)     Example_PassCount
0000a97a     2a5 (0000a940)     Example_Fail
0000a97c     2a5 (0000a940)     IMUframeRcvd

0000a980     2a6 (0000a980)     __TI_enable_exit_profile_output
0000a982     2a6 (0000a980)     __TI_cleanup_ptr
0000a984     2a6 (0000a980)     __TI_dtors_ptr
0000a986     2a6 (0000a980)     _lock
0000a988     2a6 (0000a980)     _unlock
0000a98c     2a6 (0000a980)     IMUdataBuffer


GLOBAL SYMBOLS: SORTED ALPHABETICALLY BY Name 

page  address   name                                     
----  -------   ----                                     
0     00008558  C$$EXIT                                  
0     0000b765  CANA_transmitMsg                         
0     00008673  CAN_initModule                           
0     00008401  CAN_sendMessage                          
0     0000846e  CAN_setBitRate                           
0     00008500  CAN_setBitTiming                         
0     000081d5  CAN_setupMessageObject                   
0     0000b148  CANtest                                  
0     0000b524  Device_enableAllPeripherals              
0     0000b66a  Device_enableUnbondedGPIOPullups         
0     0000b647  Device_enableUnbondedGPIOPullupsFor100Pin
0     0000b630  Device_enableUnbondedGPIOPullupsFor176Pin
0     0000b4f1  Device_init                              
0     0000b60f  Device_initGPIO                          
1     0000a97a  Example_Fail                             
1     0000a978  Example_PassCount                        
1     0000a976  Example_Result                           
0     0000b691  Example_done                             
0     0000b68c  Example_setResultFail                    
0     0000b687  Example_setResultPass                    
0     000085e6  GPIO_setDirectionMode                    
0     00008581  GPIO_setMasterCore                       
0     000083c2  GPIO_setPadConfig                        
0     000084d0  GPIO_setPinConfig                        
0     000085a3  GPIO_setQualificationMode                
1     0000a98c  IMUdataBuffer                            
1     0000a97c  IMUframeRcvd                             
0     0000b7c6  Interrupt_enable                         
0     00008341  Interrupt_initModule                     
0     0000868a  Interrupt_initVectorTable                
0     0000b162  LEDflash                                 
0     00008382  SCI_ISR                                  
0     00008623  SCI_clearInterruptStatus                 
0     0000863f  SCI_disableInterrupt                     
0     00008659  SCI_enableInterrupt                      
0     000085c5  SCI_setConfig                            
0     000081ba  SCIgetFifoLength                         
0     000081c0  SCIreadFifo                              
0     00008191  SCItest                                  
0     00000122  SysCtl_delay                             
0     000082fb  SysCtl_getClock                          
0     000086b8  SysCtl_getLowSpeedClock                  
0     0000843c  SysCtl_selectOscSource                   
0     0000b2c6  SysCtl_setClock                          
0     00000140  __TI_CINIT_Base                          
0     00000148  __TI_CINIT_Limit                         
0     00000134  __TI_Handler_Table_Base                  
0     0000013a  __TI_Handler_Table_Limit                 
1     00000500  __TI_STACK_END                           
abs   00000100  __TI_STACK_SIZE                          
0     0000852d  __TI_auto_init_nobinit_nopinit           
1     0000a982  __TI_cleanup_ptr                         
0     0000849f  __TI_decompress_lzss                     
0     000086ef  __TI_decompress_none                     
1     0000a984  __TI_dtors_ptr                           
1     0000a980  __TI_enable_exit_profile_output          
abs   ffffffff  __TI_pprof_out_hndl                      
abs   ffffffff  __TI_prof_data_size                      
abs   ffffffff  __TI_prof_data_start                     
0     000086cd  __TI_zero_init_nomemset                  
0     00008273  __c28xabi_divf                           
n/a   UNDEFED   __c_args__                               
0     0000b680  __error__                                
1     00000400  __stack                                  
0     000086da  _args_main                               
0     000086a1  _c_int00                                 
1     0000a986  _lock                                    
0     000086ee  _nop                                     
0     000086ea  _register_lock                           
0     000086e6  _register_unlock                         
0     0000b7ff  _system_post_cinit                       
0     000086ff  _system_pre_init                         
1     0000a988  _unlock                                  
0     00008558  abort                                    
0     00000000  code_start                               
0     0000b233  displayIMU_CAN                           
0     0000855a  exit                                     
0     0000b1bb  getIMUdata                               
0     0000b24c  getIMUdataINT                            
0     0000b13c  init                                     
0     0000b71b  initCAN                                  
0     0000b7fa  initDAC                                  
0     0000b189  initGPIO                                 
0     0000b284  initIMUinterrupt                         
0     0000b27b  initInterrupts                           
0     0000b147  initLookup                               
0     00008100  initSCI                                  
0     00008143  initSCIwithFIFO                          
0     0000b12d  main                                     
0     00008606  memcpy                                   
0     0000b7fb  requestTorque                            
0     0000b132  run                                      
0     0000b2b5  toggleLED                                
0     0000b217  updateIMUbuffer                          


GLOBAL SYMBOLS: SORTED BY Symbol Address 

page  address   name                                     
----  -------   ----                                     
0     00000000  code_start                               
0     00000122  SysCtl_delay                             
0     00000134  __TI_Handler_Table_Base                  
0     0000013a  __TI_Handler_Table_Limit                 
0     00000140  __TI_CINIT_Base                          
0     00000148  __TI_CINIT_Limit                         
0     00008100  initSCI                                  
0     00008143  initSCIwithFIFO                          
0     00008191  SCItest                                  
0     000081ba  SCIgetFifoLength                         
0     000081c0  SCIreadFifo                              
0     000081d5  CAN_setupMessageObject                   
0     00008273  __c28xabi_divf                           
0     000082fb  SysCtl_getClock                          
0     00008341  Interrupt_initModule                     
0     00008382  SCI_ISR                                  
0     000083c2  GPIO_setPadConfig                        
0     00008401  CAN_sendMessage                          
0     0000843c  SysCtl_selectOscSource                   
0     0000846e  CAN_setBitRate                           
0     0000849f  __TI_decompress_lzss                     
0     000084d0  GPIO_setPinConfig                        
0     00008500  CAN_setBitTiming                         
0     0000852d  __TI_auto_init_nobinit_nopinit           
0     00008558  C$$EXIT                                  
0     00008558  abort                                    
0     0000855a  exit                                     
0     00008581  GPIO_setMasterCore                       
0     000085a3  GPIO_setQualificationMode                
0     000085c5  SCI_setConfig                            
0     000085e6  GPIO_setDirectionMode                    
0     00008606  memcpy                                   
0     00008623  SCI_clearInterruptStatus                 
0     0000863f  SCI_disableInterrupt                     
0     00008659  SCI_enableInterrupt                      
0     00008673  CAN_initModule                           
0     0000868a  Interrupt_initVectorTable                
0     000086a1  _c_int00                                 
0     000086b8  SysCtl_getLowSpeedClock                  
0     000086cd  __TI_zero_init_nomemset                  
0     000086da  _args_main                               
0     000086e6  _register_unlock                         
0     000086ea  _register_lock                           
0     000086ee  _nop                                     
0     000086ef  __TI_decompress_none                     
0     000086ff  _system_pre_init                         
0     0000b12d  main                                     
0     0000b132  run                                      
0     0000b13c  init                                     
0     0000b147  initLookup                               
0     0000b148  CANtest                                  
0     0000b162  LEDflash                                 
0     0000b189  initGPIO                                 
0     0000b1bb  getIMUdata                               
0     0000b217  updateIMUbuffer                          
0     0000b233  displayIMU_CAN                           
0     0000b24c  getIMUdataINT                            
0     0000b27b  initInterrupts                           
0     0000b284  initIMUinterrupt                         
0     0000b2b5  toggleLED                                
0     0000b2c6  SysCtl_setClock                          
0     0000b4f1  Device_init                              
0     0000b524  Device_enableAllPeripherals              
0     0000b60f  Device_initGPIO                          
0     0000b630  Device_enableUnbondedGPIOPullupsFor176Pin
0     0000b647  Device_enableUnbondedGPIOPullupsFor100Pin
0     0000b66a  Device_enableUnbondedGPIOPullups         
0     0000b680  __error__                                
0     0000b687  Example_setResultPass                    
0     0000b68c  Example_setResultFail                    
0     0000b691  Example_done                             
0     0000b71b  initCAN                                  
0     0000b765  CANA_transmitMsg                         
0     0000b7c6  Interrupt_enable                         
0     0000b7fa  initDAC                                  
0     0000b7fb  requestTorque                            
0     0000b7ff  _system_post_cinit                       
1     00000400  __stack                                  
1     00000500  __TI_STACK_END                           
1     0000a976  Example_Result                           
1     0000a978  Example_PassCount                        
1     0000a97a  Example_Fail                             
1     0000a97c  IMUframeRcvd                             
1     0000a980  __TI_enable_exit_profile_output          
1     0000a982  __TI_cleanup_ptr                         
1     0000a984  __TI_dtors_ptr                           
1     0000a986  _lock                                    
1     0000a988  _unlock                                  
1     0000a98c  IMUdataBuffer                            
abs   00000100  __TI_STACK_SIZE                          
abs   ffffffff  __TI_pprof_out_hndl                      
abs   ffffffff  __TI_prof_data_size                      
abs   ffffffff  __TI_prof_data_start                     
n/a   UNDEFED   __c_args__                               

[94 symbols]
