******************************************************************************
             TMS320C2000 Linker PC v18.12.4                    
******************************************************************************
>> Linked Sun Jan 19 03:24:40 2020

OUTPUT FILE NAME:   <empty_driverlib_project.out>
ENTRY POINT SYMBOL: "code_start"  address: 00000000


MEMORY CONFIGURATION

         name            origin    length      used     unused   attr    fill
----------------------  --------  ---------  --------  --------  ----  --------
PAGE 0:
  BEGIN                 00000000   00000002  00000002  00000000  RWIX
  RAMM0                 00000122   000002de  00000018  000002c6  RWIX
  RAMLS0                00008000   00000800  00000526  000002da  RWIX
  RAMLS1                00008800   00000800  00000000  00000800  RWIX
  RAMLS2                00009000   00000800  00000000  00000800  RWIX
  RAMLS3                00009800   00000800  00000000  00000800  RWIX
  RAMLS4                0000a000   00000800  00000000  00000800  RWIX
  RAMD0                 0000b000   00000800  00000800  00000000  RWIX
  RESET                 003fffc0   00000002  00000000  00000002  RWIX

PAGE 1:
  BOOT_RSVD             00000002   00000120  00000000  00000120  RWIX
  RAMM1                 00000400   00000400  00000100  00000300  RWIX
  RAMLS5                0000a800   00000800  00000186  0000067a  RWIX
  RAMD1                 0000b800   00000800  00000000  00000800  RWIX
  RAMGS0                0000c000   00001000  00000000  00001000  RWIX
  RAMGS1                0000d000   00001000  00000000  00001000  RWIX
  RAMGS2                0000e000   00001000  00000000  00001000  RWIX
  RAMGS3                0000f000   00001000  00000000  00001000  RWIX
  RAMGS4                00010000   00001000  00000000  00001000  RWIX
  RAMGS5                00011000   00001000  00000000  00001000  RWIX
  RAMGS6                00012000   00001000  00000000  00001000  RWIX
  RAMGS7                00013000   00001000  00000000  00001000  RWIX
  RAMGS8                00014000   00001000  00000000  00001000  RWIX
  RAMGS9                00015000   00001000  00000000  00001000  RWIX
  RAMGS10               00016000   00001000  00000000  00001000  RWIX
  RAMGS11               00017000   00001000  00000000  00001000  RWIX
  RAMGS12               00018000   00001000  00000000  00001000  RWIX
  RAMGS13               00019000   00001000  00000000  00001000  RWIX
  RAMGS14               0001a000   00001000  00000000  00001000  RWIX
  RAMGS15               0001b000   00001000  00000000  00001000  RWIX
  CPU2TOCPU1RAM         0003f800   00000400  00000000  00000400  RWIX
  CPU1TOCPU2RAM         0003fc00   00000400  00000000  00000400  RWIX
  CANA_MSG_RAM          00049000   00000800  00000000  00000800  RWIX
  CANB_MSG_RAM          0004b000   00000800  00000000  00000800  RWIX


SECTION ALLOCATION MAP

 output                                  attributes/
section   page    origin      length       input sections
--------  ----  ----------  ----------   ----------------
codestart 
*          0    00000000    00000002     
                  00000000    00000002     F2837xD_CodeStartBranch.obj (codestart)

.cinit     0    00000128    00000014     
                  00000128    0000000a     (.cinit..data.load) [load image, compression = lzss]
                  00000132    00000004     (__TI_handler_table)
                  00000136    00000002     --HOLE-- [fill = 0]
                  00000138    00000004     (__TI_cinit_table)

.reset     0    003fffc0    00000000     DSECT

.stack     1    00000400    00000100     UNINITIALIZED
                  00000400    00000100     --HOLE--

.init_array 
*          0    00000122    00000000     UNINITIALIZED

.const     1    0000a800    00000175     
                  0000a800    0000008e     main.obj (.const:.string)
                  0000a88e    0000008d     can_etcm.obj (.const:.string)
                  0000a91b    00000001     --HOLE-- [fill = 0]
                  0000a91c    00000046     uart_etcm.obj (.const:.string)
                  0000a962    00000013     device.obj (.const:.string)

.data      1    0000a976    00000011     UNINITIALIZED
                  0000a976    00000006     device.obj (.data)
                  0000a97c    00000002     rts2800_fpu32_eabi.lib : _lock.c.obj (.data:_lock)
                  0000a97e    00000002                            : _lock.c.obj (.data:_unlock)
                  0000a980    00000006                            : exit.c.obj (.data)
                  0000a986    00000001     can_etcm.obj (.data)

.TI.ramfunc 
*          0    00000122    00000004     
                  00000122    00000004     driverlib_eabi.lib : sysctl.obj (.TI.ramfunc)

GETBUFFER 
*          0    0003f800    00000000     DSECT

GETWRITEIDX 
*          0    0003f800    00000000     DSECT

PUTREADIDX 
*          0    0003f800    00000000     DSECT

.text.1    0    00008000    00000526     
                  00008000    00000116     main.obj (.text)
                  00008116    00000088     rts2800_fpu32_eabi.lib : fs_div28.asm.obj (.text)
                  0000819e    00000046     driverlib_eabi.lib : sysctl.obj (.text:SysCtl_getClock)
                  000081e4    00000041                        : interrupt.obj (.text:Interrupt_initModule)
                  00008225    0000003f                        : gpio.obj (.text:GPIO_setPadConfig)
                  00008264    0000003b                        : can.obj (.text:CAN_sendMessage)
                  0000829f    00000032                        : sysctl.obj (.text:SysCtl_selectOscSource)
                  000082d1    00000031                        : can.obj (.text:CAN_setBitRate)
                  00008302    00000031     rts2800_fpu32_eabi.lib : copy_decompress_lzss.c.obj (.text:decompress:lzss)
                  00008333    00000030     driverlib_eabi.lib : gpio.obj (.text:GPIO_setPinConfig)
                  00008363    0000002d                        : can.obj (.text:CAN_setBitTiming)
                  00008390    0000002b     rts2800_fpu32_eabi.lib : autoinit.c.obj (.text:__TI_auto_init_nobinit_nopinit)
                  000083bb    00000029                            : exit.c.obj (.text)
                  000083e4    00000022     driverlib_eabi.lib : gpio.obj (.text:GPIO_setMasterCore)
                  00008406    00000022                        : gpio.obj (.text:GPIO_setQualificationMode)
                  00008428    00000021                        : sci.obj (.text:SCI_setConfig)
                  00008449    00000020                        : gpio.obj (.text:GPIO_setDirectionMode)
                  00008469    0000001d     rts2800_fpu32_eabi.lib : memcpy.c.obj (.text)
                  00008486    0000001c     driverlib_eabi.lib : sci.obj (.text:SCI_clearInterruptStatus)
                  000084a2    00000017                        : can.obj (.text:CAN_initModule)
                  000084b9    00000017                        : interrupt.obj (.text:Interrupt_initVectorTable)
                  000084d0    00000017     rts2800_fpu32_eabi.lib : boot28.asm.obj (.text)
                  000084e7    00000015     driverlib_eabi.lib : sysctl.obj (.text:SysCtl_getLowSpeedClock)
                  000084fc    0000000c     rts2800_fpu32_eabi.lib : args_main.c.obj (.text)
                  00008508    00000009                            : _lock.c.obj (.text)
                  00008511    00000008                            : copy_decompress_none.c.obj (.text:decompress:none)
                  00008519    00000005     dac_etcm.obj (.text)
                  0000851e    00000004     driverlib_eabi.lib : interrupt.obj (.text:Interrupt_defaultHandler)
                  00008522    00000002                        : interrupt.obj (.text:Interrupt_nmiHandler)
                  00008524    00000002     rts2800_fpu32_eabi.lib : pre_init.c.obj (.text)

.text.2    0    0000b000    00000800     
                  0000b000    0000026a     uart_etcm.obj (.text)
                  0000b26a    000001e9     driverlib_eabi.lib : sysctl.obj (.text:SysCtl_setClock)
                  0000b453    000001e3     device.obj (.text)
                  0000b636    00000129     can_etcm.obj (.text)
                  0000b75f    0000009e     driverlib_eabi.lib : can.obj (.text:CAN_setupMessageObject)
                  0000b7fd    00000002                        : interrupt.obj (.text:Interrupt_illegalOperationHandler)
                  0000b7ff    00000001     rts2800_fpu32_eabi.lib : startup.c.obj (.text)

MODULE SUMMARY

       Module                        code   ro data   rw data
       ------                        ----   -------   -------
    .\
       uart_etcm.obj                 618    70        0      
       can_etcm.obj                  297    141       1      
       main.obj                      278    142       0      
       dac_etcm.obj                  5      0         0      
    +--+-----------------------------+------+---------+---------+
       Total:                        1198   353       1      
                                                             
    .\device\
       device.obj                    483    19        6      
       F2837xD_CodeStartBranch.obj   2      0         0      
    +--+-----------------------------+------+---------+---------+
       Total:                        485    19        6      
                                                             
    C:\ti\C2000Ware_2_01_00_00_Software\driverlib\f2837xd\driverlib\ccs\Release\driverlib_eabi.lib
       sysctl.obj                    634    0         0      
       can.obj                       334    0         0      
       gpio.obj                      211    0         0      
       interrupt.obj                 96     0         0      
       sci.obj                       61     0         0      
    +--+-----------------------------+------+---------+---------+
       Total:                        1336   0         0      
                                                             
    C:\ti\ccs930\ccs\tools\compiler\ti-cgt-c2000_18.12.4.LTS\lib\rts2800_fpu32_eabi.lib
       fs_div28.asm.obj              136    0         0      
       copy_decompress_lzss.c.obj    49     0         0      
       exit.c.obj                    41     0         6      
       autoinit.c.obj                43     0         0      
       memcpy.c.obj                  29     0         0      
       boot28.asm.obj                23     0         0      
       _lock.c.obj                   9      0         4      
       args_main.c.obj               12     0         0      
       copy_decompress_none.c.obj    8      0         0      
       pre_init.c.obj                2      0         0      
       startup.c.obj                 1      0         0      
    +--+-----------------------------+------+---------+---------+
       Total:                        353    0         10     
                                                             
       Stack:                        0      0         256    
       Linker Generated:             0      18        0      
    +--+-----------------------------+------+---------+---------+
       Grand Total:                  3372   390       273    


LINKER GENERATED COPY TABLES

__TI_cinit_table @ 00000138 records: 1, size/record: 4, table size: 4
	.data: load addr=00000128, load size=0000000a bytes, run addr=0000a976, run size=00000011 bytes, compression=lzss


LINKER GENERATED HANDLER TABLE

__TI_handler_table @ 00000132 records: 2, size/record: 2, table size: 4
	index: 0, handler: __TI_decompress_lzss
	index: 1, handler: __TI_decompress_none


GLOBAL DATA SYMBOLS: SORTED BY DATA PAGE

address     data page           name
--------    ----------------    ----
00000400      10 (00000400)     __stack

0000a976     2a5 (0000a940)     Example_Result
0000a978     2a5 (0000a940)     Example_PassCount
0000a97a     2a5 (0000a940)     Example_Fail
0000a97c     2a5 (0000a940)     _lock
0000a97e     2a5 (0000a940)     _unlock

0000a980     2a6 (0000a980)     __TI_enable_exit_profile_output
0000a982     2a6 (0000a980)     __TI_cleanup_ptr
0000a984     2a6 (0000a980)     __TI_dtors_ptr


GLOBAL SYMBOLS: SORTED ALPHABETICALLY BY Name 

page  address   name                                     
----  -------   ----                                     
0     000083bb  C$$EXIT                                  
0     0000b709  CANA_transmitMsg1                        
0     000084a2  CAN_initModule                           
0     00008264  CAN_sendMessage                          
0     000082d1  CAN_setBitRate                           
0     00008363  CAN_setBitTiming                         
0     0000b75f  CAN_setupMessageObject                   
0     000080c3  CANtest                                  
0     0000b4c8  Device_enableAllPeripherals              
0     0000b60e  Device_enableUnbondedGPIOPullups         
0     0000b5eb  Device_enableUnbondedGPIOPullupsFor100Pin
0     0000b5d4  Device_enableUnbondedGPIOPullupsFor176Pin
0     0000b495  Device_init                              
0     0000b5b3  Device_initGPIO                          
1     0000a97a  Example_Fail                             
1     0000a978  Example_PassCount                        
1     0000a976  Example_Result                           
0     0000b635  Example_done                             
0     0000b630  Example_setResultFail                    
0     0000b62b  Example_setResultPass                    
0     00008449  GPIO_setDirectionMode                    
0     000083e4  GPIO_setMasterCore                       
0     00008225  GPIO_setPadConfig                        
0     00008333  GPIO_setPinConfig                        
0     00008406  GPIO_setQualificationMode                
0     000081e4  Interrupt_initModule                     
0     000084b9  Interrupt_initVectorTable                
0     000080dc  LEDflash                                 
0     00008486  SCI_clearInterruptStatus                 
0     00008428  SCI_setConfig                            
0     0000b232  SCIgetFifoLength                         
0     0000b24d  SCIinitFIFO                              
0     0000b238  SCIreadFifo                              
0     0000b209  SCItest                                  
0     00000122  SysCtl_delay                             
0     0000819e  SysCtl_getClock                          
0     000084e7  SysCtl_getLowSpeedClock                  
0     0000829f  SysCtl_selectOscSource                   
0     0000b26a  SysCtl_setClock                          
0     00000138  __TI_CINIT_Base                          
0     0000013c  __TI_CINIT_Limit                         
0     00000132  __TI_Handler_Table_Base                  
0     00000136  __TI_Handler_Table_Limit                 
1     00000500  __TI_STACK_END                           
abs   00000100  __TI_STACK_SIZE                          
0     00008390  __TI_auto_init_nobinit_nopinit           
1     0000a982  __TI_cleanup_ptr                         
0     00008302  __TI_decompress_lzss                     
0     00008511  __TI_decompress_none                     
1     0000a984  __TI_dtors_ptr                           
1     0000a980  __TI_enable_exit_profile_output          
abs   ffffffff  __TI_pprof_out_hndl                      
abs   ffffffff  __TI_prof_data_size                      
abs   ffffffff  __TI_prof_data_start                     
0     00008116  __c28xabi_divf                           
n/a   UNDEFED   __c_args__                               
0     0000b624  __error__                                
1     00000400  __stack                                  
0     000084fc  _args_main                               
0     000084d0  _c_int00                                 
1     0000a97c  _lock                                    
0     00008510  _nop                                     
0     0000850c  _register_lock                           
0     00008508  _register_unlock                         
0     0000b7ff  _system_post_cinit                       
0     00008524  _system_pre_init                         
1     0000a97e  _unlock                                  
0     000083bb  abort                                    
0     00000000  code_start                               
0     000083bd  exit                                     
0     000080b7  init                                     
0     0000b6bf  initCAN                                  
0     00008519  initDAC                                  
0     00008103  initGPIO                                 
0     000080c2  initLookup                               
0     0000b159  initSCI                                  
0     0000b19c  initSCIFIFO                              
0     0000808c  main                                     
0     00008469  memcpy                                   
0     0000851a  requestTorque                            
0     00008091  run                                      


GLOBAL SYMBOLS: SORTED BY Symbol Address 

page  address   name                                     
----  -------   ----                                     
0     00000000  code_start                               
0     00000122  SysCtl_delay                             
0     00000132  __TI_Handler_Table_Base                  
0     00000136  __TI_Handler_Table_Limit                 
0     00000138  __TI_CINIT_Base                          
0     0000013c  __TI_CINIT_Limit                         
0     0000808c  main                                     
0     00008091  run                                      
0     000080b7  init                                     
0     000080c2  initLookup                               
0     000080c3  CANtest                                  
0     000080dc  LEDflash                                 
0     00008103  initGPIO                                 
0     00008116  __c28xabi_divf                           
0     0000819e  SysCtl_getClock                          
0     000081e4  Interrupt_initModule                     
0     00008225  GPIO_setPadConfig                        
0     00008264  CAN_sendMessage                          
0     0000829f  SysCtl_selectOscSource                   
0     000082d1  CAN_setBitRate                           
0     00008302  __TI_decompress_lzss                     
0     00008333  GPIO_setPinConfig                        
0     00008363  CAN_setBitTiming                         
0     00008390  __TI_auto_init_nobinit_nopinit           
0     000083bb  C$$EXIT                                  
0     000083bb  abort                                    
0     000083bd  exit                                     
0     000083e4  GPIO_setMasterCore                       
0     00008406  GPIO_setQualificationMode                
0     00008428  SCI_setConfig                            
0     00008449  GPIO_setDirectionMode                    
0     00008469  memcpy                                   
0     00008486  SCI_clearInterruptStatus                 
0     000084a2  CAN_initModule                           
0     000084b9  Interrupt_initVectorTable                
0     000084d0  _c_int00                                 
0     000084e7  SysCtl_getLowSpeedClock                  
0     000084fc  _args_main                               
0     00008508  _register_unlock                         
0     0000850c  _register_lock                           
0     00008510  _nop                                     
0     00008511  __TI_decompress_none                     
0     00008519  initDAC                                  
0     0000851a  requestTorque                            
0     00008524  _system_pre_init                         
0     0000b159  initSCI                                  
0     0000b19c  initSCIFIFO                              
0     0000b209  SCItest                                  
0     0000b232  SCIgetFifoLength                         
0     0000b238  SCIreadFifo                              
0     0000b24d  SCIinitFIFO                              
0     0000b26a  SysCtl_setClock                          
0     0000b495  Device_init                              
0     0000b4c8  Device_enableAllPeripherals              
0     0000b5b3  Device_initGPIO                          
0     0000b5d4  Device_enableUnbondedGPIOPullupsFor176Pin
0     0000b5eb  Device_enableUnbondedGPIOPullupsFor100Pin
0     0000b60e  Device_enableUnbondedGPIOPullups         
0     0000b624  __error__                                
0     0000b62b  Example_setResultPass                    
0     0000b630  Example_setResultFail                    
0     0000b635  Example_done                             
0     0000b6bf  initCAN                                  
0     0000b709  CANA_transmitMsg1                        
0     0000b75f  CAN_setupMessageObject                   
0     0000b7ff  _system_post_cinit                       
1     00000400  __stack                                  
1     00000500  __TI_STACK_END                           
1     0000a976  Example_Result                           
1     0000a978  Example_PassCount                        
1     0000a97a  Example_Fail                             
1     0000a97c  _lock                                    
1     0000a97e  _unlock                                  
1     0000a980  __TI_enable_exit_profile_output          
1     0000a982  __TI_cleanup_ptr                         
1     0000a984  __TI_dtors_ptr                           
abs   00000100  __TI_STACK_SIZE                          
abs   ffffffff  __TI_pprof_out_hndl                      
abs   ffffffff  __TI_prof_data_size                      
abs   ffffffff  __TI_prof_data_start                     
n/a   UNDEFED   __c_args__                               

[81 symbols]
